{
  "version": "1.5.0",
  "plugins_used": [
    {
      "name": "ArtifactoryDetector"
    },
    {
      "name": "AWSKeyDetector"
    },
    {
      "name": "AzureStorageKeyDetector"
    },
    {
      "name": "Base64HighEntropyString",
      "limit": 4.5
    },
    {
      "name": "BasicAuthDetector"
    },
    {
      "name": "CloudantDetector"
    },
    {
      "name": "DiscordBotTokenDetector"
    },
    {
      "name": "GitHubTokenDetector"
    },
    {
      "name": "GitLabTokenDetector"
    },
    {
      "name": "HexHighEntropyString",
      "limit": 3.0
    },
    {
      "name": "IbmCloudIamDetector"
    },
    {
      "name": "IbmCosHmacDetector"
    },
    {
      "name": "IPPublicDetector"
    },
    {
      "name": "JwtTokenDetector"
    },
    {
      "name": "KeywordDetector",
      "keyword_exclude": ""
    },
    {
      "name": "MailchimpDetector"
    },
    {
      "name": "NpmDetector"
    },
    {
      "name": "OpenAIDetector"
    },
    {
      "name": "PrivateKeyDetector"
    },
    {
      "name": "PypiTokenDetector"
    },
    {
      "name": "SendGridDetector"
    },
    {
      "name": "SlackDetector"
    },
    {
      "name": "SoftlayerDetector"
    },
    {
      "name": "SquareOAuthDetector"
    },
    {
      "name": "StripeDetector"
    },
    {
      "name": "TelegramBotTokenDetector"
    },
    {
      "name": "TwilioKeyDetector"
    }
  ],
  "filters_used": [
    {
      "path": "detect_secrets.filters.allowlist.is_line_allowlisted"
    },
    {
      "path": "detect_secrets.filters.common.is_ignored_due_to_verification_policies",
      "min_level": 2
    },
    {
      "path": "detect_secrets.filters.heuristic.is_indirect_reference"
    },
    {
      "path": "detect_secrets.filters.heuristic.is_likely_id_string"
    },
    {
      "path": "detect_secrets.filters.heuristic.is_lock_file"
    },
    {
      "path": "detect_secrets.filters.heuristic.is_not_alphanumeric_string"
    },
    {
      "path": "detect_secrets.filters.heuristic.is_potential_uuid"
    },
    {
      "path": "detect_secrets.filters.heuristic.is_prefixed_with_dollar_sign"
    },
    {
      "path": "detect_secrets.filters.heuristic.is_sequential_string"
    },
    {
      "path": "detect_secrets.filters.heuristic.is_swagger_file"
    },
    {
      "path": "detect_secrets.filters.heuristic.is_templated_secret"
    }
  ],
  "results": {
    ".github/workflows/ai-architecture-reviewer.yml": [
      {
        "type": "Secret Keyword",
        "filename": ".github/workflows/ai-architecture-reviewer.yml",
        "hashed_secret": "afc6c7e30da35c9df67055c17138ed45fb2ca074",
        "is_verified": false,
        "line_number": 37
      }
    ],
    ".github/workflows/ai-dependency-review.yml": [
      {
        "type": "Secret Keyword",
        "filename": ".github/workflows/ai-dependency-review.yml",
        "hashed_secret": "95cdcc261f012b344ec90ebf16f0a9b1233c5a8a",
        "is_verified": false,
        "line_number": 25
      }
    ],
    ".github/workflows/ai-issue-research.yml": [
      {
        "type": "Secret Keyword",
        "filename": ".github/workflows/ai-issue-research.yml",
        "hashed_secret": "14c396011174ef49c110b7318361ea51a91f8ef6",
        "is_verified": false,
        "line_number": 23
      }
    ],
    ".github/workflows/ai-issue-triage.yml": [
      {
        "type": "Secret Keyword",
        "filename": ".github/workflows/ai-issue-triage.yml",
        "hashed_secret": "a419c4307d86b7cb69f082922e2e24b16e87a5e0",
        "is_verified": false,
        "line_number": 24
      }
    ],
    ".github/workflows/ai-test-generator.yml": [
      {
        "type": "Secret Keyword",
        "filename": ".github/workflows/ai-test-generator.yml",
        "hashed_secret": "1569993490f7ed67fd331e46e625cee46c913ecc",
        "is_verified": false,
        "line_number": 25
      }
    ]
  },
  "generated_at": "2026-07-06T21:51:42Z"
}
