{
  "version": "1.5.0",
  "plugins_used": [
    {
      "name": "ArtifactoryDetector"
    },
    {
      "name": "AWSKeyDetector"
    },
    {
      "name": "AzureStorageKeyDetector"
    },
    {
      "name": "Base64HighEntropyString",
      "limit": 4.5
    },
    {
      "name": "BasicAuthDetector"
    },
    {
      "name": "CloudantDetector"
    },
    {
      "name": "DiscordBotTokenDetector"
    },
    {
      "name": "GitHubTokenDetector"
    },
    {
      "name": "GitLabTokenDetector"
    },
    {
      "name": "HexHighEntropyString",
      "limit": 3.0
    },
    {
      "name": "IbmCloudIamDetector"
    },
    {
      "name": "IbmCosHmacDetector"
    },
    {
      "name": "IPPublicDetector"
    },
    {
      "name": "JwtTokenDetector"
    },
    {
      "name": "KeywordDetector",
      "keyword_exclude": ""
    },
    {
      "name": "MailchimpDetector"
    },
    {
      "name": "NpmDetector"
    },
    {
      "name": "OpenAIDetector"
    },
    {
      "name": "PrivateKeyDetector"
    },
    {
      "name": "PypiTokenDetector"
    },
    {
      "name": "SendGridDetector"
    },
    {
      "name": "SlackDetector"
    },
    {
      "name": "SoftlayerDetector"
    },
    {
      "name": "SquareOAuthDetector"
    },
    {
      "name": "StripeDetector"
    },
    {
      "name": "TelegramBotTokenDetector"
    },
    {
      "name": "TwilioKeyDetector"
    }
  ],
  "filters_used": [
    {
      "path": "detect_secrets.filters.allowlist.is_line_allowlisted"
    },
    {
      "path": "detect_secrets.filters.common.is_baseline_file",
      "filename": ".secrets.baseline"
    },
    {
      "path": "detect_secrets.filters.common.is_ignored_due_to_verification_policies",
      "min_level": 2
    },
    {
      "path": "detect_secrets.filters.heuristic.is_indirect_reference"
    },
    {
      "path": "detect_secrets.filters.heuristic.is_likely_id_string"
    },
    {
      "path": "detect_secrets.filters.heuristic.is_lock_file"
    },
    {
      "path": "detect_secrets.filters.heuristic.is_not_alphanumeric_string"
    },
    {
      "path": "detect_secrets.filters.heuristic.is_potential_uuid"
    },
    {
      "path": "detect_secrets.filters.heuristic.is_prefixed_with_dollar_sign"
    },
    {
      "path": "detect_secrets.filters.heuristic.is_sequential_string"
    },
    {
      "path": "detect_secrets.filters.heuristic.is_swagger_file"
    },
    {
      "path": "detect_secrets.filters.heuristic.is_templated_secret"
    }
  ],
  "results": {
    ".github/workflows/ai-a11y-reviewer.yml": [
      {
        "type": "Secret Keyword",
        "filename": ".github/workflows/ai-a11y-reviewer.yml",
        "hashed_secret": "dd41b42ccd64e35116e086ccc31b89585f1f8201",
        "is_verified": false,
        "line_number": 53
      }
    ],
    ".github/workflows/ai-architecture-reviewer.yml": [
      {
        "type": "Secret Keyword",
        "filename": ".github/workflows/ai-architecture-reviewer.yml",
        "hashed_secret": "d8cc2f8f16a01868b4fe97c8c656d0ae8f1758ed",
        "is_verified": false,
        "line_number": 56
      }
    ],
    ".github/workflows/ai-dependency-review.yml": [
      {
        "type": "Secret Keyword",
        "filename": ".github/workflows/ai-dependency-review.yml",
        "hashed_secret": "95cdcc261f012b344ec90ebf16f0a9b1233c5a8a",
        "is_verified": false,
        "line_number": 25
      }
    ],
    ".github/workflows/ai-doc-generator.yml": [
      {
        "type": "Secret Keyword",
        "filename": ".github/workflows/ai-doc-generator.yml",
        "hashed_secret": "4849bdc69c1d6d7acf7dbf4630097a959021b30d",
        "is_verified": false,
        "line_number": 49
      }
    ],
    ".github/workflows/ai-issue-autofix.yml": [
      {
        "type": "Secret Keyword",
        "filename": ".github/workflows/ai-issue-autofix.yml",
        "hashed_secret": "96245b9ff7a6cbe055b6d758c6a21259d38e1ce4",
        "is_verified": false,
        "line_number": 38
      }
    ],
    ".github/workflows/ai-issue-research.yml": [
      {
        "type": "Secret Keyword",
        "filename": ".github/workflows/ai-issue-research.yml",
        "hashed_secret": "14c396011174ef49c110b7318361ea51a91f8ef6",
        "is_verified": false,
        "line_number": 23
      }
    ],
    ".github/workflows/ai-issue-triage.yml": [
      {
        "type": "Secret Keyword",
        "filename": ".github/workflows/ai-issue-triage.yml",
        "hashed_secret": "7b095391003f9ce1fa2a58198b17d98753353442",
        "is_verified": false,
        "line_number": 24
      }
    ],
    ".github/workflows/ai-pr-reviewer.yml": [
      {
        "type": "Secret Keyword",
        "filename": ".github/workflows/ai-pr-reviewer.yml",
        "hashed_secret": "878d70d2b5f9e9bd93b680d7cfbf10d974e6e8f2",
        "is_verified": false,
        "line_number": 57
      }
    ],
    ".github/workflows/ai-tech-news-digest.yml": [
      {
        "type": "Secret Keyword",
        "filename": ".github/workflows/ai-tech-news-digest.yml",
        "hashed_secret": "fec798b1f46b84a606911706fce6ff76e53ffdee",
        "is_verified": false,
        "line_number": 29
      }
    ],
    ".github/workflows/ai-tech-trend-analyzer.yml": [
      {
        "type": "Secret Keyword",
        "filename": ".github/workflows/ai-tech-trend-analyzer.yml",
        "hashed_secret": "c22165e39ff0d1d57ec11346998dfa2b1da1fc95",
        "is_verified": false,
        "line_number": 30
      }
    ],
    ".github/workflows/ai-test-automation.yml": [
      {
        "type": "Secret Keyword",
        "filename": ".github/workflows/ai-test-automation.yml",
        "hashed_secret": "47bb990f7de2aab4dd0d46dada8bd1a85a036026",
        "is_verified": false,
        "line_number": 48
      }
    ],
    ".github/workflows/ai-test-generator.yml": [
      {
        "type": "Secret Keyword",
        "filename": ".github/workflows/ai-test-generator.yml",
        "hashed_secret": "fa87d979eea70fa1b0c3df16851d21e2b9154e88",
        "is_verified": false,
        "line_number": 25
      }
    ],
    ".github/workflows/ai-weekly-summary.yml": [
      {
        "type": "Secret Keyword",
        "filename": ".github/workflows/ai-weekly-summary.yml",
        "hashed_secret": "c22165e39ff0d1d57ec11346998dfa2b1da1fc95",
        "is_verified": false,
        "line_number": 31
      }
    ]
  },
  "generated_at": "2026-07-20T22:05:56Z"
}
